
> mind-os-app@0.0.0 prebuild
> node ../scripts/compress-images.js || true

node.exe : (node:16196) [MODULE_TYPELESS_PACKAGE_JSON] Warning: Module type of 
file:///C:/coder/mind-os-growth/scripts/compress-images.js is not specified and it doesn't parse as CommonJS.
In Zeile:1 Zeichen:1
+ & "C:\Program Files\nodejs/node.exe" "C:\Program Files\nodejs/node_mo ...
+ ~~~~~~~~~~~~~~~~~~~~~~~~~~~~~~~~~~~~~~~~~~~~~~~~~~~~~~~~~~~~~~~~~~~~~
    + CategoryInfo          : NotSpecified: ((node:16196) [M...se as CommonJS.:String) [], RemoteException
    + FullyQualifiedErrorId : NativeCommandError
 
Reparsing as ES module because module syntax was detected. This incurs a performance overhead.
To eliminate this warning, add "type": "module" to \\?\C:\coder\mind-os-growth\package.json.
(Use `node --trace-warnings ...` to show where the warning was created)
Checking image assets...
Image compression completed!

> mind-os-app@0.0.0 build
> vite build

